// Jest Snapshot v1, https://goo.gl/fbAQLP

exports[`App Component is rendering should maintain the older snapshot 1`] = `
<div
  className="App"
>
  <h1>
    Welcome to Prime Video
  </h1>
  <VideoCard />
</div>
`;
