// Jest Snapshot v1, https://goo.gl/fbAQLP

exports[`VideoCard Component is rendering should maintain the older snapshot 1`] = `
<div>
  <h1>
    This is the Video Card
  </h1>
</div>
`;
